// Jest Snapshot v1, https://goo.gl/fbAQLP

exports[`Footer should match snapshot 1`] = `
<Styled(styled.div)>
  Marc Malignan Â© 2019
</Styled(styled.div)>
`;
